error: compare_exchange_weak's failure ordering may not be `Release` or `AcqRel`
  --> $DIR/lint-invalid-atomic-ordering-exchange-weak.rs:22:67
   |
LL |     let _ = x.compare_exchange_weak(ptr2, ptr, Ordering::Relaxed, Ordering::AcqRel);
   |                                                                   ^^^^^^^^^^^^^^^^
   |
   = note: `#[deny(invalid_atomic_ordering)]` on by default
   = help: consider using ordering mode `Relaxed` instead

error: compare_exchange_weak's failure ordering may not be `Release` or `AcqRel`
  --> $DIR/lint-invalid-atomic-ordering-exchange-weak.rs:24:67
   |
LL |     let _ = x.compare_exchange_weak(ptr2, ptr, Ordering::Acquire, Ordering::AcqRel);
   |                                                                   ^^^^^^^^^^^^^^^^
   |
   = help: consider using ordering modes `Acquire` or `Relaxed` instead

error: compare_exchange_weak's failure ordering may not be `Release` or `AcqRel`
  --> $DIR/lint-invalid-atomic-ordering-exchange-weak.rs:26:67
   |
LL |     let _ = x.compare_exchange_weak(ptr2, ptr, Ordering::Release, Ordering::AcqRel);
   |                                                                   ^^^^^^^^^^^^^^^^
   |
   = help: consider using ordering mode `Relaxed` instead

error: compare_exchange_weak's failure ordering may not be `Release` or `AcqRel`
  --> $DIR/lint-invalid-atomic-ordering-exchange-weak.rs:28:66
   |
LL |     let _ = x.compare_exchange_weak(ptr2, ptr, Ordering::AcqRel, Ordering::AcqRel);
   |                                                                  ^^^^^^^^^^^^^^^^
   |
   = help: consider using ordering modes `Acquire` or `Relaxed` instead

error: compare_exchange_weak's failure ordering may not be `Release` or `AcqRel`
  --> $DIR/lint-invalid-atomic-ordering-exchange-weak.rs:30:66
   |
LL |     let _ = x.compare_exchange_weak(ptr2, ptr, Ordering::SeqCst, Ordering::AcqRel);
   |                                                                  ^^^^^^^^^^^^^^^^
   |
   = help: consider using ordering modes `Acquire`, `SeqCst` or `Relaxed` instead

error: compare_exchange_weak's failure ordering may not be `Release` or `AcqRel`
  --> $DIR/lint-invalid-atomic-ordering-exchange-weak.rs:34:67
   |
LL |     let _ = x.compare_exchange_weak(ptr, ptr2, Ordering::Relaxed, Ordering::Release);
   |                                                                   ^^^^^^^^^^^^^^^^^
   |
   = help: consider using ordering mode `Relaxed` instead

error: compare_exchange_weak's failure ordering may not be `Release` or `AcqRel`
  --> $DIR/lint-invalid-atomic-ordering-exchange-weak.rs:36:67
   |
LL |     let _ = x.compare_exchange_weak(ptr, ptr2, Ordering::Acquire, Ordering::Release);
   |                                                                   ^^^^^^^^^^^^^^^^^
   |
   = help: consider using ordering modes `Acquire` or `Relaxed` instead

error: compare_exchange_weak's failure ordering may not be `Release` or `AcqRel`
  --> $DIR/lint-invalid-atomic-ordering-exchange-weak.rs:38:67
   |
LL |     let _ = x.compare_exchange_weak(ptr, ptr2, Ordering::Release, Ordering::Release);
   |                                                                   ^^^^^^^^^^^^^^^^^
   |
   = help: consider using ordering mode `Relaxed` instead

error: compare_exchange_weak's failure ordering may not be `Release` or `AcqRel`
  --> $DIR/lint-invalid-atomic-ordering-exchange-weak.rs:40:66
   |
LL |     let _ = x.compare_exchange_weak(ptr, ptr2, Ordering::AcqRel, Ordering::Release);
   |                                                                  ^^^^^^^^^^^^^^^^^
   |
   = help: consider using ordering modes `Acquire` or `Relaxed` instead

error: compare_exchange_weak's failure ordering may not be `Release` or `AcqRel`
  --> $DIR/lint-invalid-atomic-ordering-exchange-weak.rs:42:66
   |
LL |     let _ = x.compare_exchange_weak(ptr, ptr2, Ordering::SeqCst, Ordering::Release);
   |                                                                  ^^^^^^^^^^^^^^^^^
   |
   = help: consider using ordering modes `Acquire`, `SeqCst` or `Relaxed` instead

error: compare_exchange_weak's failure ordering may not be stronger than the success ordering of `Release`
  --> $DIR/lint-invalid-atomic-ordering-exchange-weak.rs:46:67
   |
LL |     let _ = x.compare_exchange_weak(ptr2, ptr, Ordering::Release, Ordering::Acquire);
   |                                                                   ^^^^^^^^^^^^^^^^^
   |
   = help: consider using ordering mode `Relaxed` instead

error: compare_exchange_weak's failure ordering may not be stronger than the success ordering of `Release`
  --> $DIR/lint-invalid-atomic-ordering-exchange-weak.rs:48:67
   |
LL |     let _ = x.compare_exchange_weak(ptr2, ptr, Ordering::Release, Ordering::SeqCst);
   |                                                                   ^^^^^^^^^^^^^^^^
   |
   = help: consider using ordering mode `Relaxed` instead

error: compare_exchange_weak's failure ordering may not be stronger than the success ordering of `Relaxed`
  --> $DIR/lint-invalid-atomic-ordering-exchange-weak.rs:52:67
   |
LL |     let _ = x.compare_exchange_weak(ptr, ptr2, Ordering::Relaxed, Ordering::SeqCst);
   |                                                                   ^^^^^^^^^^^^^^^^
   |
   = help: consider using ordering mode `Relaxed` instead

error: compare_exchange_weak's failure ordering may not be stronger than the success ordering of `Relaxed`
  --> $DIR/lint-invalid-atomic-ordering-exchange-weak.rs:54:67
   |
LL |     let _ = x.compare_exchange_weak(ptr, ptr2, Ordering::Relaxed, Ordering::Acquire);
   |                                                                   ^^^^^^^^^^^^^^^^^
   |
   = help: consider using ordering mode `Relaxed` instead

error: compare_exchange_weak's failure ordering may not be stronger than the success ordering of `Acquire`
  --> $DIR/lint-invalid-atomic-ordering-exchange-weak.rs:58:67
   |
LL |     let _ = x.compare_exchange_weak(ptr2, ptr, Ordering::Acquire, Ordering::SeqCst);
   |                                                                   ^^^^^^^^^^^^^^^^
   |
   = help: consider using ordering modes `Acquire` or `Relaxed` instead

error: compare_exchange_weak's failure ordering may not be stronger than the success ordering of `AcqRel`
  --> $DIR/lint-invalid-atomic-ordering-exchange-weak.rs:60:66
   |
LL |     let _ = x.compare_exchange_weak(ptr2, ptr, Ordering::AcqRel, Ordering::SeqCst);
   |                                                                  ^^^^^^^^^^^^^^^^
   |
   = help: consider using ordering modes `Acquire` or `Relaxed` instead

error: aborting due to 16 previous errors

