error[E0309]: the parameter type `T` may not live long enough
  --> $DIR/projection-where-clause-none.rs:16:5
   |
LL | fn foo<'a, T>() -> &'a ()
   |            - help: consider adding an explicit lifetime bound...: `T: 'a`
...
LL |     bar::<T::Output>()
   |     ^^^^^^^^^^^^^^^^ ...so that the type `T` will meet its required lifetime bounds

error: aborting due to previous error

For more information about this error, try `rustc --explain E0309`.
