error: function cannot return without recursing
  --> tests/ui/unconditional_recursion.rs:46:5
   |
LL |     fn ne(&self, other: &Self) -> bool {
   |     ^^^^^^^^^^^^^^^^^^^^^^^^^^^^^^^^^^ cannot return without recursing
LL |
LL |         self.ne(other)
   |         -------------- recursive call site
   |
   = help: a `loop` may express intention better if this is on purpose
   = note: `-D unconditional-recursion` implied by `-D warnings`
   = help: to override `-D warnings` add `#[allow(unconditional_recursion)]`

error: function cannot return without recursing
  --> tests/ui/unconditional_recursion.rs:50:5
   |
LL |     fn eq(&self, other: &Self) -> bool {
   |     ^^^^^^^^^^^^^^^^^^^^^^^^^^^^^^^^^^ cannot return without recursing
LL |
LL |         self.eq(other)
   |         -------------- recursive call site
   |
   = help: a `loop` may express intention better if this is on purpose

error: function cannot return without recursing
  --> tests/ui/unconditional_recursion.rs:215:5
   |
LL |     fn to_string(&self) -> String {
   |     ^^^^^^^^^^^^^^^^^^^^^^^^^^^^^ cannot return without recursing
LL |
LL |         self.to_string()
   |         ---------------- recursive call site
   |
   = help: a `loop` may express intention better if this is on purpose

error: function cannot return without recursing
  --> tests/ui/unconditional_recursion.rs:225:5
   |
LL |     fn to_string(&self) -> String {
   |     ^^^^^^^^^^^^^^^^^^^^^^^^^^^^^ cannot return without recursing
...
LL |         x.to_string()
   |         ------------- recursive call site
   |
   = help: a `loop` may express intention better if this is on purpose

error: function cannot return without recursing
  --> tests/ui/unconditional_recursion.rs:236:5
   |
LL |     fn to_string(&self) -> String {
   |     ^^^^^^^^^^^^^^^^^^^^^^^^^^^^^ cannot return without recursing
LL |
LL |         (self as &Self).to_string()
   |         --------------------------- recursive call site
   |
   = help: a `loop` may express intention better if this is on purpose

error: function cannot return without recursing
  --> tests/ui/unconditional_recursion.rs:16:5
   |
LL | /     fn ne(&self, other: &Self) -> bool {
LL | |
LL | |         self != other
LL | |     }
   | |_____^
   |
note: recursive call site
  --> tests/ui/unconditional_recursion.rs:18:9
   |
LL |         self != other
   |         ^^^^^^^^^^^^^
   = note: `-D clippy::unconditional-recursion` implied by `-D warnings`
   = help: to override `-D warnings` add `#[allow(clippy::unconditional_recursion)]`

error: function cannot return without recursing
  --> tests/ui/unconditional_recursion.rs:20:5
   |
LL | /     fn eq(&self, other: &Self) -> bool {
LL | |
LL | |         self == other
LL | |     }
   | |_____^
   |
note: recursive call site
  --> tests/ui/unconditional_recursion.rs:22:9
   |
LL |         self == other
   |         ^^^^^^^^^^^^^

error: function cannot return without recursing
  --> tests/ui/unconditional_recursion.rs:32:5
   |
LL | /     fn ne(&self, other: &Self) -> bool {
LL | |         self != &Foo2::B // no error here
LL | |     }
   | |_____^
   |
note: recursive call site
  --> tests/ui/unconditional_recursion.rs:33:9
   |
LL |         self != &Foo2::B // no error here
   |         ^^^^^^^^^^^^^^^^

error: function cannot return without recursing
  --> tests/ui/unconditional_recursion.rs:35:5
   |
LL | /     fn eq(&self, other: &Self) -> bool {
LL | |         self == &Foo2::B // no error here
LL | |     }
   | |_____^
   |
note: recursive call site
  --> tests/ui/unconditional_recursion.rs:36:9
   |
LL |         self == &Foo2::B // no error here
   |         ^^^^^^^^^^^^^^^^

error: function cannot return without recursing
  --> tests/ui/unconditional_recursion.rs:46:5
   |
LL | /     fn ne(&self, other: &Self) -> bool {
LL | |
LL | |         self.ne(other)
LL | |     }
   | |_____^
   |
note: recursive call site
  --> tests/ui/unconditional_recursion.rs:48:9
   |
LL |         self.ne(other)
   |         ^^^^^^^^^^^^^^

error: function cannot return without recursing
  --> tests/ui/unconditional_recursion.rs:50:5
   |
LL | /     fn eq(&self, other: &Self) -> bool {
LL | |
LL | |         self.eq(other)
LL | |     }
   | |_____^
   |
note: recursive call site
  --> tests/ui/unconditional_recursion.rs:52:9
   |
LL |         self.eq(other)
   |         ^^^^^^^^^^^^^^

error: function cannot return without recursing
  --> tests/ui/unconditional_recursion.rs:94:5
   |
LL | /     fn ne(&self, other: &Self) -> bool {
LL | |
LL | |         other != self
LL | |     }
   | |_____^
   |
note: recursive call site
  --> tests/ui/unconditional_recursion.rs:96:9
   |
LL |         other != self
   |         ^^^^^^^^^^^^^

error: function cannot return without recursing
  --> tests/ui/unconditional_recursion.rs:98:5
   |
LL | /     fn eq(&self, other: &Self) -> bool {
LL | |
LL | |         other == self
LL | |     }
   | |_____^
   |
note: recursive call site
  --> tests/ui/unconditional_recursion.rs:100:9
   |
LL |         other == self
   |         ^^^^^^^^^^^^^

error: function cannot return without recursing
  --> tests/ui/unconditional_recursion.rs:108:5
   |
LL | /     fn ne(&self, other: &Self) -> bool {
LL | |
LL | |         other != other
LL | |     }
   | |_____^
   |
note: recursive call site
  --> tests/ui/unconditional_recursion.rs:110:9
   |
LL |         other != other
   |         ^^^^^^^^^^^^^^

error: equal expressions as operands to `!=`
  --> tests/ui/unconditional_recursion.rs:110:9
   |
LL |         other != other
   |         ^^^^^^^^^^^^^^
   |
   = note: `#[deny(clippy::eq_op)]` on by default

error: function cannot return without recursing
  --> tests/ui/unconditional_recursion.rs:112:5
   |
LL | /     fn eq(&self, other: &Self) -> bool {
LL | |
LL | |         other == other
LL | |     }
   | |_____^
   |
note: recursive call site
  --> tests/ui/unconditional_recursion.rs:114:9
   |
LL |         other == other
   |         ^^^^^^^^^^^^^^

error: equal expressions as operands to `==`
  --> tests/ui/unconditional_recursion.rs:114:9
   |
LL |         other == other
   |         ^^^^^^^^^^^^^^

error: function cannot return without recursing
  --> tests/ui/unconditional_recursion.rs:121:5
   |
LL | /     fn ne(&self, _other: &Self) -> bool {
LL | |
LL | |         self != self
LL | |     }
   | |_____^
   |
note: recursive call site
  --> tests/ui/unconditional_recursion.rs:123:9
   |
LL |         self != self
   |         ^^^^^^^^^^^^

error: equal expressions as operands to `!=`
  --> tests/ui/unconditional_recursion.rs:123:9
   |
LL |         self != self
   |         ^^^^^^^^^^^^

error: function cannot return without recursing
  --> tests/ui/unconditional_recursion.rs:125:5
   |
LL | /     fn eq(&self, _other: &Self) -> bool {
LL | |
LL | |         self == self
LL | |     }
   | |_____^
   |
note: recursive call site
  --> tests/ui/unconditional_recursion.rs:127:9
   |
LL |         self == self
   |         ^^^^^^^^^^^^

error: equal expressions as operands to `==`
  --> tests/ui/unconditional_recursion.rs:127:9
   |
LL |         self == self
   |         ^^^^^^^^^^^^

error: function cannot return without recursing
  --> tests/ui/unconditional_recursion.rs:153:13
   |
LL | /             fn eq(&self, other: &Self) -> bool {
LL | |
LL | |                 self == other
LL | |             }
   | |_____________^
...
LL |   impl_partial_eq!(S5);
   |   -------------------- in this macro invocation
   |
note: recursive call site
  --> tests/ui/unconditional_recursion.rs:155:17
   |
LL |                 self == other
   |                 ^^^^^^^^^^^^^
...
LL | impl_partial_eq!(S5);
   | -------------------- in this macro invocation
   = note: this error originates in the macro `impl_partial_eq` (in Nightly builds, run with -Z macro-backtrace for more info)

error: function cannot return without recursing
  --> tests/ui/unconditional_recursion.rs:182:5
   |
LL | /     fn eq(&self, other: &Self) -> bool {
LL | |
LL | |         let mine = &self.field;
LL | |         let theirs = &other.field;
LL | |         mine == theirs
LL | |     }
   | |_____^
   |
note: recursive call site
  --> tests/ui/unconditional_recursion.rs:186:9
   |
LL |         mine == theirs
   |         ^^^^^^^^^^^^^^

error: function cannot return without recursing
  --> tests/ui/unconditional_recursion.rs:251:5
   |
LL | /     fn new() -> Self {
LL | |
LL | |         Self::default()
LL | |     }
   | |_____^
   |
note: recursive call site
  --> tests/ui/unconditional_recursion.rs:253:9
   |
LL |         Self::default()
   |         ^^^^^^^^^^^^^^^

error: function cannot return without recursing
  --> tests/ui/unconditional_recursion.rs:290:5
   |
LL | /     fn eq(&self, other: &Self) -> bool {
LL | |
LL | |         let mine = &self.field;
LL | |         let theirs = &other.field;
LL | |         mine.eq(theirs)
LL | |     }
   | |_____^
   |
note: recursive call site
  --> tests/ui/unconditional_recursion.rs:294:9
   |
LL |         mine.eq(theirs)
   |         ^^^^^^^^^^^^^^^

error: function cannot return without recursing
  --> tests/ui/unconditional_recursion.rs:361:5
   |
LL | /     fn from(f: BadFromTy1<'a>) -> Self {
LL | |         f.into()
LL | |     }
   | |_____^
   |
note: recursive call site
  --> tests/ui/unconditional_recursion.rs:362:9
   |
LL |         f.into()
   |         ^^^^^^^^

error: function cannot return without recursing
  --> tests/ui/unconditional_recursion.rs:370:5
   |
LL | /     fn from(f: BadFromTy2<'a>) -> Self {
LL | |         Into::into(f)
LL | |     }
   | |_____^
   |
note: recursive call site
  --> tests/ui/unconditional_recursion.rs:371:9
   |
LL |         Into::into(f)
   |         ^^^^^^^^^^^^^

error: aborting due to 27 previous errors

