error: expected item after attributes
  --> $DIR/doc-before-attr.rs:14:16
   |
LL | #[derive(Debug)] //~ERROR expected item after attributes
   |                ^

error: aborting due to previous error

