flowchart TB
0[FILTER]
  0---1
  1[LIMIT]
    1---2
    2[TIMEOUT]
      2---3
      3[PARALLEL]
        3---4
        4[AND]
          4---5
          5[LEAF]
            4---6
          6[LEAF]
            3---7
        7[OR]
          7---8
          8[LEAF]
            7---9
          9[LEAF]
            3---10
        10[AND]
          10---11
          11[LEAF]
            10---12
          12[LEAF]
            