error: unknown location type `badloc`: use `raw` or `json`

